main.c:64:6:display7SEG	16	static
main.c:161:6:updateClockBuffer	16	static
main.c:168:6:update7SEG	16	static
main.c:209:6:turnOffAllMatrixColumn	8	static
main.c:220:6:setMatrixRowData	16	static
main.c:231:6:updateLEDMatrix	16	static
main.c:271:5:main	8	static,ignoring_inline_asm
main.c:344:6:SystemClock_Config	72	static
main.c:380:13:MX_TIM2_Init	32	static
main.c:425:13:MX_GPIO_Init	32	static
main.c:476:7:HAL_TIM_PeriodElapsedCallback	16	static
main.c:487:6:Error_Handler	4	static,ignoring_inline_asm
